[www.controleur.ca/index.html]
[backblue.gif]
[fade.gif]
[index.html]
[cdn-cookieyes.com/client_data/ac2e87099c07c148861bbcad/script.js]
[www.controleur.ca/en/index.html]
[www.controleur.ca/wp-content/themes/controleur/assets/dist/css/main.css]
[hb.wpmucdn.com/www.controleur.ca/6c7203ad-4555-4989-b12c-ab81a2e1e26b.css]
[hb.wpmucdn.com/www.controleur.ca/414899f3-ea48-4437-b579-494d0a20b44b.css]
[hb.wpmucdn.com/www.controleur.ca/abb8c785-9bfe-44ad-9e0e-b784a7bb6559.css]
[hb.wpmucdn.com/www.controleur.ca/3a8ceeac-6be8-46dd-abdc-a67cfdab8f1d.css]
[hb.wpmucdn.com/www.controleur.ca/7dbe331a-2921-48de-8704-8f7a2231bb6c.css]
[hb.wpmucdn.com/www.controleur.ca/231b2538-ffa4-44ac-80da-3ed62f60ac47.css]
[hb.wpmucdn.com/www.controleur.ca/21e45c3e-e988-4651-964e-e2e573841fad.js]
[hb.wpmucdn.com/www.controleur.ca/303f8f3f-2f26-4bfe-89a1-eda4cb513b01.js]
[hb.wpmucdn.com/www.controleur.ca/ea70e179-c8b8-47e3-a48f-9c54c6bc7155.js]
[hb.wpmucdn.com/www.controleur.ca/fd178fa1-def3-495d-8091-9792a2aa6ff9.js]
[hb.wpmucdn.com/www.controleur.ca/71c200ee-a027-4083-a4fd-b3e8d2c8f058.js]
[www.controleur.ca/wp-content/uploads/2022/07/cropped-favicon-32x32.png]
[www.controleur.ca/wp-content/uploads/2022/07/cropped-favicon-192x192.png]
[www.controleur.ca/wp-content/uploads/2022/07/cropped-favicon-180x180.png]
[www.controleur.ca/wp-content/themes/controleur/assets/src/images/logo.svg]
[www.controleur.ca/nous-joindre/index.html]
[www.controleur.ca/blogue/index.html]
[www.controleur.ca/wp-content/uploads/2021/10/le_controleur_migration.mp4]
[www.controleur.ca/migration-de-systemes/index.html]
[www.controleur.ca/a-propos/index.html]
[www.controleur.ca/controle-financier/index.html]
[www.controleur.ca/wp-content/uploads/2021/10/le_controleur_controle_financier.mp4]
[www.controleur.ca/amelioration-des-processus/index.html]
[www.controleur.ca/wp-content/uploads/2021/10/le_controleur_amelioration.mp4]
[www.controleur.ca/wp-content/uploads/2021/11/le_controleur_circuit_loop_square.mp4]
[www.controleur.ca/wp-content/uploads/2023/05/le_controleur_migration.mp4]
[www.controleur.ca/wp-content/uploads/2023/05/le_controleur_controle_financier.mp4]
[www.controleur.ca/wp-content/uploads/2023/05/le_controleur_amelioration.mp4]
[www.controleur.ca/les-vertus-de-limpartition/index.html]
[www.controleur.ca/le-cfo-du-futur/index.html]
[www.controleur.ca/les-pretentieux-manege/index.html]
[www.controleur.ca/wp-content/themes/controleur/assets/dist/js/bundle.js]
[www.controleur.ca/politique-de-confidentialite/index.html]
[www.controleur.ca/termes-et-conditions/index.html]
[hb.wpmucdn.com/www.controleur.ca/6ab28be4-4c96-45fd-af45-2af15ac060fe.js]
[hb.wpmucdn.com/www.controleur.ca/8d88647a-9745-487d-b6eb-2e737b46dfd1.js]
[hb.wpmucdn.com/www.controleur.ca/a77ca05a-c806-42b2-a5c7-690e5bbbc013.js]
[hb.wpmucdn.com/www.controleur.ca/02a0ff9a-9304-41d9-815f-890bf2e0429a.js]
[www.controleur.ca/wp-includes/js/dist/vendor/wp-polyfill.min.js]
[hb.wpmucdn.com/www.controleur.ca/860b5ae6-1ebd-4697-8a7a-b0c5e1c00477.js]
[hb.wpmucdn.com/www.controleur.ca/a4b87c35-64f3-490d-9fb6-581bb3fe2ca9.js]
[www.controleur.ca/index.html]
[hb.wpmucdn.com/www.controleur.ca/caba127b-b928-40e3-ab20-68d25e8224f5.js]
[www.controleur.ca/en/blog/index.html]
[www.controleur.ca/en/about-us/index.html]
[www.controleur.ca/en/contact-us/index.html]
[www.controleur.ca/en/systems-migration/index.html]
[www.controleur.ca/en/financial-control/index.html]
[www.controleur.ca/en/amelioration-des-processus/index.html]
[www.controleur.ca/en/the-benefits-of-outsourcing/index.html]
[www.controleur.ca/en/index.html]
[www.controleur.ca/en/privacy-policy/index.html]
[www.controleur.ca/en/le-cfo-du-futur/index.html]
[www.controleur.ca/en/faire-les-bons-choix-de-produits/index.html]
[www.controleur.ca/en/terms-and-conditions/index.html]
[use.typekit.net/kxv1tah.css]
[www.controleur.ca/wp-content/themes/controleur/assets/src/images/check-circle.svg]
[www.controleur.ca/wp-content/themes/controleur/assets/dist/icons/stack/svg/sprite.stack.svg]
[www.controleur.ca/wp-content/themes/controleur/assets/src/images/tear.svg]
[www.controleur.ca/wp-content/themes/controleur/assets/src/images/half-circle.svg]
[www.controleur.ca/wp-content/themes/controleur/assets/src/images/double-triangle.svg]
[www.controleur.ca/wp-content/themes/controleur/assets/dist/css/main.css]
[hb.wpmucdn.com/www.controleur.ca/6c7203ad-4555-4989-b12c-ab81a2e1e26b.css]
[hb.wpmucdn.com/www.controleur.ca/414899f3-ea48-4437-b579-494d0a20b44b.css]
[hb.wpmucdn.com/www.controleur.ca/abb8c785-9bfe-44ad-9e0e-b784a7bb6559.css]
[hb.wpmucdn.com/www.controleur.ca/3a8ceeac-6be8-46dd-abdc-a67cfdab8f1d.css]
[hb.wpmucdn.com/www.controleur.ca/7dbe331a-2921-48de-8704-8f7a2231bb6c.css]
[hb.wpmucdn.com/www.controleur.ca/231b2538-ffa4-44ac-80da-3ed62f60ac47.css]
[www.googletagmanager.com/gtm5445.html]
[www.controleur.ca/wp-content/themes/controleur/assets/src/images/logo.svg]
[www.controleur.ca/a-propos/index.html]
[www.controleur.ca/blogue/index.html]
[www.controleur.ca/nous-joindre/index.html]
[www.controleur.ca/migration-de-systemes/index.html]
[www.controleur.ca/controle-financier/index.html]
[www.controleur.ca/amelioration-des-processus/index.html]
[www.controleur.ca/les-vertus-de-limpartition/index.html]
[www.controleur.ca/les-pretentieux-manege/index.html]
[www.controleur.ca/le-cfo-du-futur/index.html]
[www.controleur.ca/politique-de-confidentialite/index.html]
[www.controleur.ca/termes-et-conditions/index.html]
[www.controleur.ca/en/about-us/index.html]
[www.controleur.ca/en/blog/index.html]
[www.controleur.ca/en/contact-us/index.html]
[www.controleur.ca/en/systems-migration/index.html]
[www.controleur.ca/en/financial-control/index.html]
[www.controleur.ca/en/amelioration-des-processus/index.html]
[www.controleur.ca/wp-content/themes/controleur/assets/src/images/wave.svg]
[www.controleur.ca/en/improve-your-processes/index.html]
[www.controleur.ca/en/the-benefits-of-outsourcing/index.html]
[www.controleur.ca/en/le-cfo-du-futur/index.html]
[www.controleur.ca/en/faire-les-bons-choix-de-produits/index.html]
[www.controleur.ca/en/privacy-policy/index.html]
[www.controleur.ca/en/terms-and-conditions/index.html]
[www.controleur.ca/faire-les-bons-choix-de-produits/index.html]
[use.typekit.net/af/6b9548/00000000000000007735c09d/30/l5bba]
[use.typekit.net/af/6b9548/00000000000000007735c09d/30/d5bba]
[use.typekit.net/af/6b9548/00000000000000007735c09d/30/a5bba]
[use.typekit.net/af/decad5/00000000000000007735c0a9/30/le003]
[use.typekit.net/af/decad5/00000000000000007735c0a9/30/de003]
[use.typekit.net/kxv1tah.css]
[use.typekit.net/af/decad5/00000000000000007735c0a9/30/ae003]
[www.controleur.ca/wp-content/themes/controleur/assets/src/images/check-circle.svg]
[www.controleur.ca/wp-content/themes/controleur/assets/dist/icons/stack/svg/sprite.stack.svg]
[www.controleur.ca/wp-content/themes/controleur/assets/src/images/tear.svg]
[www.controleur.ca/wp-content/themes/controleur/assets/src/images/half-circle.svg]
[www.controleur.ca/wp-content/themes/controleur/assets/src/images/double-triangle.svg]
[www.controleur.ca/wp-content/themes/controleur/assets/src/images/wave.svg]
[www.controleur.ca/faire-les-bons-choix-de-produits/index.html]
[p.typekit.net/p5ece.css]
